%!Adobe-FontList 1.14
%Locale:0x419

%BeginFont
Handler:DirectoryHandler
FontType:Type1
FontName:HelveticaNeueCyr-Black
FamilyName:HelveticaNeueCyr
StyleName:Black
FullName:HelveticaNeueCyr-Black
MenuName:HelveticaNeueCyr
StyleBits:2
FamilyNameNative:
StyleNameNative:Black
FullNameNative:
WritingScript:Cyrillic
OutlineFileName:C:\Users\WebDeveloper\Desktop\work1\Font\HelveticaNeueCyr-Black.otf
DataFormat:sfntData
UsesStandardEncoding:yes
isCFF:yes
FileLength:27196
FileModTime:1386915602
WeightClass:900
WidthClass:5
AngleClass:0
%EndFont

%BeginFont
Handler:DirectoryHandler
FontType:Type1
FontName:HelveticaNeueCyr-BlackItalic
FamilyName:HelveticaNeueCyr
StyleName:Black Italic
FullName:HelveticaNeueCyr-BlackItalic
MenuName:HelveticaNeueCyr
StyleBits:3
FamilyNameNative:
StyleNameNative:Black Italic
FullNameNative:
WritingScript:Cyrillic
OutlineFileName:C:\Users\WebDeveloper\Desktop\work1\Font\HelveticaNeueCyr-BlackItalic.otf
DataFormat:sfntData
UsesStandardEncoding:yes
isCFF:yes
FileLength:28908
FileModTime:1386915602
WeightClass:900
WidthClass:5
AngleClass:1
%EndFont

%BeginFont
Handler:DirectoryHandler
FontType:Type1
FontName:HelveticaNeueCyr-Bold
FamilyName:HelveticaNeueCyr
StyleName:Bold
FullName:HelveticaNeueCyr-Bold
MenuName:HelveticaNeueCyr
StyleBits:2
FamilyNameNative:
StyleNameNative:Bold
FullNameNative:
WritingScript:Cyrillic
OutlineFileName:C:\Users\WebDeveloper\Desktop\work1\Font\HelveticaNeueCyr-Bold.otf
DataFormat:sfntData
UsesStandardEncoding:yes
isCFF:yes
FileLength:26420
FileModTime:1386915601
WeightClass:700
WidthClass:5
AngleClass:0
%EndFont

%BeginFont
Handler:DirectoryHandler
FontType:Type1
FontName:HelveticaNeueCyr-BoldItalic
FamilyName:HelveticaNeueCyr
StyleName:Bold Italic
FullName:HelveticaNeueCyr-BoldItalic
MenuName:HelveticaNeueCyr
StyleBits:3
FamilyNameNative:
StyleNameNative:Bold Italic
FullNameNative:
WritingScript:Cyrillic
OutlineFileName:C:\Users\WebDeveloper\Desktop\work1\Font\HelveticaNeueCyr-BoldItalic.otf
DataFormat:sfntData
UsesStandardEncoding:yes
isCFF:yes
FileLength:27652
FileModTime:1386915602
WeightClass:700
WidthClass:5
AngleClass:1
%EndFont

%BeginFont
Handler:DirectoryHandler
FontType:Type1
FontName:HelveticaNeueCyr-Italic
FamilyName:HelveticaNeueCyr
StyleName:Italic
FullName:HelveticaNeueCyr-Italic
MenuName:HelveticaNeueCyr
StyleBits:1
FamilyNameNative:
StyleNameNative:Italic
FullNameNative:
WritingScript:Cyrillic
OutlineFileName:C:\Users\WebDeveloper\Desktop\work1\Font\HelveticaNeueCyr-Italic.otf
DataFormat:sfntData
UsesStandardEncoding:yes
isCFF:yes
FileLength:27016
FileModTime:1386915602
WeightClass:550
WidthClass:5
AngleClass:1
%EndFont

%BeginFont
Handler:DirectoryHandler
FontType:Type1
FontName:HelveticaNeueCyr-Light
FamilyName:HelveticaNeueCyr
StyleName:Light
FullName:HelveticaNeueCyr-Light
MenuName:HelveticaNeueCyr
StyleBits:0
FamilyNameNative:
StyleNameNative:Light
FullNameNative:
WritingScript:Cyrillic
OutlineFileName:C:\Users\WebDeveloper\Desktop\work1\Font\HelveticaNeueCyr-Light.otf
DataFormat:sfntData
UsesStandardEncoding:yes
isCFF:yes
FileLength:26060
FileModTime:1386915602
WeightClass:300
WidthClass:5
AngleClass:0
%EndFont

%BeginFont
Handler:DirectoryHandler
FontType:Type1
FontName:HelveticaNeueCyr-LightItalic
FamilyName:HelveticaNeueCyr
StyleName:Light Italic
FullName:HelveticaNeueCyr-LightItalic
MenuName:HelveticaNeueCyr
StyleBits:1
FamilyNameNative:
StyleNameNative:Light Italic
FullNameNative:
WritingScript:Cyrillic
OutlineFileName:C:\Users\WebDeveloper\Desktop\work1\Font\HelveticaNeueCyr-LightItalic.otf
DataFormat:sfntData
UsesStandardEncoding:yes
isCFF:yes
FileLength:27912
FileModTime:1386915602
WeightClass:300
WidthClass:5
AngleClass:1
%EndFont

%BeginFont
Handler:DirectoryHandler
FontType:Type1
FontName:HelveticaNeueCyr-Medium
FamilyName:HelveticaNeueCyr
StyleName:Medium
FullName:HelveticaNeueCyr-Medium
MenuName:HelveticaNeueCyr
StyleBits:0
FamilyNameNative:
StyleNameNative:Medium
FullNameNative:
WritingScript:Cyrillic
OutlineFileName:C:\Users\WebDeveloper\Desktop\work1\Font\HelveticaNeueCyr-Medium.otf
DataFormat:sfntData
UsesStandardEncoding:yes
isCFF:yes
FileLength:26204
FileModTime:1386915602
WeightClass:550
WidthClass:5
AngleClass:0
%EndFont

%BeginFont
Handler:DirectoryHandler
FontType:Type1
FontName:HelveticaNeueCyr-Roman
FamilyName:HelveticaNeueCyr
StyleName:Roman
FullName:HelveticaNeueCyr-Roman
MenuName:HelveticaNeueCyr
StyleBits:0
FamilyNameNative:
StyleNameNative:Roman
FullNameNative:
WritingScript:Cyrillic
OutlineFileName:C:\Users\WebDeveloper\Desktop\work1\Font\HelveticaNeueCyr-Roman.otf
DataFormat:sfntData
UsesStandardEncoding:yes
isCFF:yes
FileLength:25548
FileModTime:1386915603
WeightClass:400
WidthClass:5
AngleClass:0
%EndFont

%BeginFont
Handler:DirectoryHandler
FontType:Type1
FontName:HelveticaNeueCyr-Thin
FamilyName:HelveticaNeueCyr
StyleName:Thin
FullName:HelveticaNeueCyr-Thin
MenuName:HelveticaNeueCyr
StyleBits:0
FamilyNameNative:
StyleNameNative:Thin
FullNameNative:
WritingScript:Cyrillic
OutlineFileName:C:\Users\WebDeveloper\Desktop\work1\Font\HelveticaNeueCyr-Thin.otf
DataFormat:sfntData
UsesStandardEncoding:yes
isCFF:yes
FileLength:25916
FileModTime:1386915603
WeightClass:100
WidthClass:5
AngleClass:0
%EndFont

%BeginFont
Handler:DirectoryHandler
FontType:Type1
FontName:HelveticaNeueCyr-ThinItalic
FamilyName:HelveticaNeueCyr
StyleName:Thin Italic
FullName:HelveticaNeueCyr-ThinItalic
MenuName:HelveticaNeueCyr
StyleBits:1
FamilyNameNative:
StyleNameNative:Thin Italic
FullNameNative:
WritingScript:Cyrillic
OutlineFileName:C:\Users\WebDeveloper\Desktop\work1\Font\HelveticaNeueCyr-ThinItalic.otf
DataFormat:sfntData
UsesStandardEncoding:yes
isCFF:yes
FileLength:27704
FileModTime:1386915603
WeightClass:100
WidthClass:5
AngleClass:1
%EndFont

%BeginFont
Handler:DirectoryHandler
FontType:Type1
FontName:HelveticaNeueCyr-UltraLightItalic
FamilyName:HelveticaNeueCyr
StyleName:UltraLight Italic
FullName:HelveticaNeueCyr-UltraLightItalic
MenuName:HelveticaNeueCyr
StyleBits:1
FamilyNameNative:
StyleNameNative:UltraLight Italic
FullNameNative:
WritingScript:Cyrillic
OutlineFileName:C:\Users\WebDeveloper\Desktop\work1\Font\HelveticaNeueCyr-UltraLightItalic.otf
DataFormat:sfntData
UsesStandardEncoding:yes
isCFF:yes
FileLength:27580
FileModTime:1386915602
WeightClass:200
WidthClass:5
AngleClass:1
%EndFont

%BeginFont
Handler:DirectoryHandler
FontType:Type1
FontName:HelveticaNeueCyr-UltraLight
FamilyName:HelveticaNeueCyr
StyleName:UltraLight
FullName:HelveticaNeueCyr-UltraLight
MenuName:HelveticaNeueCyr
StyleBits:0
FamilyNameNative:
StyleNameNative:UltraLight
FullNameNative:
WritingScript:Cyrillic
OutlineFileName:C:\Users\WebDeveloper\Desktop\work1\Font\HelveticaNeueCyr-UltraLight_0.otf
DataFormat:sfntData
UsesStandardEncoding:yes
isCFF:yes
FileLength:25528
FileModTime:1386915602
WeightClass:200
WidthClass:5
AngleClass:0
%EndFont

